Archive member included to satisfy reference by file (symbol)

c:/program files (x86)/atollic/truestudio for stm32 9.3.0/armtools/bin/../lib/gcc/arm-atollic-eabi/6.3.1/../../../../arm-atollic-eabi/lib/armv6-m\libc_nano.a(lib_a-errno.o)
                              Src\syscalls.o (__errno)
c:/program files (x86)/atollic/truestudio for stm32 9.3.0/armtools/bin/../lib/gcc/arm-atollic-eabi/6.3.1/../../../../arm-atollic-eabi/lib/armv6-m\libc_nano.a(lib_a-impure.o)
                              c:/program files (x86)/atollic/truestudio for stm32 9.3.0/armtools/bin/../lib/gcc/arm-atollic-eabi/6.3.1/../../../../arm-atollic-eabi/lib/armv6-m\libc_nano.a(lib_a-errno.o) (_impure_ptr)
c:/program files (x86)/atollic/truestudio for stm32 9.3.0/armtools/bin/../lib/gcc/arm-atollic-eabi/6.3.1/../../../../arm-atollic-eabi/lib/armv6-m\libc_nano.a(lib_a-init.o)
                              startup\startup_stm32l072xx.o (__libc_init_array)
c:/program files (x86)/atollic/truestudio for stm32 9.3.0/armtools/bin/../lib/gcc/arm-atollic-eabi/6.3.1/../../../../arm-atollic-eabi/lib/armv6-m\libc_nano.a(lib_a-memset.o)
                              Drivers\STM32L0xx_HAL_Driver\Src\stm32l0xx_hal_rcc.o (memset)
c:/program files (x86)/atollic/truestudio for stm32 9.3.0/armtools/bin/../lib/gcc/arm-atollic-eabi/6.3.1/../../../../arm-atollic-eabi/lib/armv6-m\libc_nano.a(lib_a-strcpy.o)
                              Src\main.o (strcpy)
c:/program files (x86)/atollic/truestudio for stm32 9.3.0/armtools/bin/../lib/gcc/arm-atollic-eabi/6.3.1/armv6-m\libgcc.a(_thumb1_case_uqi.o)
                              Drivers\STM32L0xx_HAL_Driver\Src\stm32l0xx_hal_dma.o (__gnu_thumb1_case_uqi)
c:/program files (x86)/atollic/truestudio for stm32 9.3.0/armtools/bin/../lib/gcc/arm-atollic-eabi/6.3.1/armv6-m\libgcc.a(_thumb1_case_shi.o)
                              Drivers\STM32L0xx_HAL_Driver\Src\stm32l0xx_hal_uart.o (__gnu_thumb1_case_shi)
c:/program files (x86)/atollic/truestudio for stm32 9.3.0/armtools/bin/../lib/gcc/arm-atollic-eabi/6.3.1/armv6-m\libgcc.a(_udivsi3.o)
                              Drivers\STM32L0xx_HAL_Driver\Src\stm32l0xx_hal.o (__aeabi_uidiv)
c:/program files (x86)/atollic/truestudio for stm32 9.3.0/armtools/bin/../lib/gcc/arm-atollic-eabi/6.3.1/armv6-m\libgcc.a(_dvmd_tls.o)
                              c:/program files (x86)/atollic/truestudio for stm32 9.3.0/armtools/bin/../lib/gcc/arm-atollic-eabi/6.3.1/armv6-m\libgcc.a(_udivsi3.o) (__aeabi_idiv0)
c:/program files (x86)/atollic/truestudio for stm32 9.3.0/armtools/bin/../lib/gcc/arm-atollic-eabi/6.3.1/armv6-m\libgcc.a(_aeabi_uldivmod.o)
                              Drivers\STM32L0xx_HAL_Driver\Src\stm32l0xx_hal_uart.o (__aeabi_uldivmod)
c:/program files (x86)/atollic/truestudio for stm32 9.3.0/armtools/bin/../lib/gcc/arm-atollic-eabi/6.3.1/armv6-m\libgcc.a(_udivmoddi4.o)
                              c:/program files (x86)/atollic/truestudio for stm32 9.3.0/armtools/bin/../lib/gcc/arm-atollic-eabi/6.3.1/armv6-m\libgcc.a(_aeabi_uldivmod.o) (__udivmoddi4)
c:/program files (x86)/atollic/truestudio for stm32 9.3.0/armtools/bin/../lib/gcc/arm-atollic-eabi/6.3.1/armv6-m\libgcc.a(_clzdi2.o)
                              c:/program files (x86)/atollic/truestudio for stm32 9.3.0/armtools/bin/../lib/gcc/arm-atollic-eabi/6.3.1/armv6-m\libgcc.a(_udivmoddi4.o) (__clzdi2)
c:/program files (x86)/atollic/truestudio for stm32 9.3.0/armtools/bin/../lib/gcc/arm-atollic-eabi/6.3.1/armv6-m\libgcc.a(_clzsi2.o)
                              c:/program files (x86)/atollic/truestudio for stm32 9.3.0/armtools/bin/../lib/gcc/arm-atollic-eabi/6.3.1/armv6-m\libgcc.a(_clzdi2.o) (__clzsi2)

Allocating common symbols
Common symbol       size              file

hi2c1               0x4c              Src\main.o
hdma_usart5_rx      0x48              Src\main.o
uwTick              0x4               Drivers\STM32L0xx_HAL_Driver\Src\stm32l0xx_hal.o
pFlash              0x18              Drivers\STM32L0xx_HAL_Driver\Src\stm32l0xx_hal_flash.o
hlpuart1            0x80              Src\main.o
huart5              0x80              Src\main.o
huart1              0x80              Src\main.o
gsmbyte             0x1               Src\main.o
hrtc                0x24              Src\main.o
byte                0x1               Src\main.o
huart4              0x80              Src\main.o
huart2              0x80              Src\main.o
hdma_adc            0x48              Src\main.o
hdma_usart5_tx      0x48              Src\main.o
hadc                0x5c              Src\main.o

Discarded input sections

 .text          0x00000000        0x0 c:/program files (x86)/atollic/truestudio for stm32 9.3.0/armtools/bin/../lib/gcc/arm-atollic-eabi/6.3.1/armv6-m/crti.o
 .data          0x00000000        0x0 c:/program files (x86)/atollic/truestudio for stm32 9.3.0/armtools/bin/../lib/gcc/arm-atollic-eabi/6.3.1/armv6-m/crti.o
[...]
Memory Configuration

Name             Origin             Length             Attributes
RAM              0x20000000         0x00005000         xrw
FLASH            0x08000000         0x00020000         xr
*default*        0x00000000         0xffffffff

Linker script and memory map

LOAD c:/program files (x86)/atollic/truestudio for stm32 9.3.0/armtools/bin/../lib/gcc/arm-atollic-eabi/6.3.1/armv6-m/crti.o
LOAD c:/program files (x86)/atollic/truestudio for stm32 9.3.0/armtools/bin/../lib/gcc/arm-atollic-eabi/6.3.1/armv6-m/crtbegin.o
LOAD Drivers\STM32L0xx_HAL_Driver\Src\stm32l0xx_hal.o
LOAD Drivers\STM32L0xx_HAL_Driver\Src\stm32l0xx_hal_adc.o
LOAD Drivers\STM32L0xx_HAL_Driver\Src\stm32l0xx_hal_adc_ex.o
LOAD Drivers\STM32L0xx_HAL_Driver\Src\stm32l0xx_hal_cortex.o
LOAD Drivers\STM32L0xx_HAL_Driver\Src\stm32l0xx_hal_dma.o
LOAD Drivers\STM32L0xx_HAL_Driver\Src\stm32l0xx_hal_flash.o
LOAD Drivers\STM32L0xx_HAL_Driver\Src\stm32l0xx_hal_flash_ex.o
LOAD Drivers\STM32L0xx_HAL_Driver\Src\stm32l0xx_hal_flash_ramfunc.o
LOAD Drivers\STM32L0xx_HAL_Driver\Src\stm32l0xx_hal_gpio.o
LOAD Drivers\STM32L0xx_HAL_Driver\Src\stm32l0xx_hal_i2c.o
LOAD Drivers\STM32L0xx_HAL_Driver\Src\stm32l0xx_hal_i2c_ex.o
LOAD Drivers\STM32L0xx_HAL_Driver\Src\stm32l0xx_hal_pwr.o
LOAD Drivers\STM32L0xx_HAL_Driver\Src\stm32l0xx_hal_pwr_ex.o
LOAD Drivers\STM32L0xx_HAL_Driver\Src\stm32l0xx_hal_rcc.o
LOAD Drivers\STM32L0xx_HAL_Driver\Src\stm32l0xx_hal_rcc_ex.o
LOAD Drivers\STM32L0xx_HAL_Driver\Src\stm32l0xx_hal_rtc.o
LOAD Drivers\STM32L0xx_HAL_Driver\Src\stm32l0xx_hal_rtc_ex.o
LOAD Drivers\STM32L0xx_HAL_Driver\Src\stm32l0xx_hal_tim.o
LOAD Drivers\STM32L0xx_HAL_Driver\Src\stm32l0xx_hal_tim_ex.o
LOAD Drivers\STM32L0xx_HAL_Driver\Src\stm32l0xx_hal_uart.o
LOAD Drivers\STM32L0xx_HAL_Driver\Src\stm32l0xx_hal_uart_ex.o
LOAD Src\main.o
LOAD Src\stm32l0xx_hal_msp.o
LOAD Src\stm32l0xx_it.o
LOAD Src\syscalls.o
LOAD Src\system_stm32l0xx.o
LOAD startup\startup_stm32l072xx.o
                0x00000080                malloc_getpagesize_P = 0x80
START GROUP
LOAD c:/program files (x86)/atollic/truestudio for stm32 9.3.0/armtools/bin/../lib/gcc/arm-atollic-eabi/6.3.1/../../../../arm-atollic-eabi/lib/armv6-m\libc_nano.a
LOAD c:/program files (x86)/atollic/truestudio for stm32 9.3.0/armtools/bin/../lib/gcc/arm-atollic-eabi/6.3.1/../../../../arm-atollic-eabi/lib/armv6-m\libm.a
END GROUP
START GROUP
LOAD c:/program files (x86)/atollic/truestudio for stm32 9.3.0/armtools/bin/../lib/gcc/arm-atollic-eabi/6.3.1/armv6-m\libgcc.a
LOAD c:/program files (x86)/atollic/truestudio for stm32 9.3.0/armtools/bin/../lib/gcc/arm-atollic-eabi/6.3.1/../../../../arm-atollic-eabi/lib/armv6-m\libc_nano.a
END GROUP
START GROUP
LOAD c:/program files (x86)/atollic/truestudio for stm32 9.3.0/armtools/bin/../lib/gcc/arm-atollic-eabi/6.3.1/armv6-m\libgcc.a
LOAD c:/program files (x86)/atollic/truestudio for stm32 9.3.0/armtools/bin/../lib/gcc/arm-atollic-eabi/6.3.1/../../../../arm-atollic-eabi/lib/armv6-m\libc_nano.a
LOAD c:/program files (x86)/atollic/truestudio for stm32 9.3.0/armtools/bin/../lib/gcc/arm-atollic-eabi/6.3.1/../../../../arm-atollic-eabi/lib/armv6-m\libnosys.a
END GROUP
START GROUP
LOAD c:/program files (x86)/atollic/truestudio for stm32 9.3.0/armtools/bin/../lib/gcc/arm-atollic-eabi/6.3.1/armv6-m\libgcc.a
LOAD c:/program files (x86)/atollic/truestudio for stm32 9.3.0/armtools/bin/../lib/gcc/arm-atollic-eabi/6.3.1/../../../../arm-atollic-eabi/lib/armv6-m\libc_nano.a
LOAD c:/program files (x86)/atollic/truestudio for stm32 9.3.0/armtools/bin/../lib/gcc/arm-atollic-eabi/6.3.1/../../../../arm-atollic-eabi/lib/armv6-m\libnosys.a
END GROUP
LOAD c:/program files (x86)/atollic/truestudio for stm32 9.3.0/armtools/bin/../lib/gcc/arm-atollic-eabi/6.3.1/armv6-m/crtend.o
LOAD c:/program files (x86)/atollic/truestudio for stm32 9.3.0/armtools/bin/../lib/gcc/arm-atollic-eabi/6.3.1/armv6-m/crtn.o
                0x20005000                _estack = 0x20005000
                0x00000200                _Min_Heap_Size = 0x200
                0x00000400                _Min_Stack_Size = 0x400

.isr_vector     0x08000000       0xc0
                0x08000000                . = ALIGN (0x4)
 *(.isr_vector)
 .isr_vector    0x08000000       0xc0 startup\startup_stm32l072xx.o
                0x08000000                g_pfnVectors
                0x080000c0                . = ALIGN (0x4)

.text           0x080000c0     0x3c08
                0x080000c0                . = ALIGN (0x4)
 *(.text)
 .text          0x080000c0       0x48 c:/program files (x86)/atollic/truestudio for stm32 9.3.0/armtools/bin/../lib/gcc/arm-atollic-eabi/6.3.1/armv6-m/crtbegin.o
 .text          0x08000108       0x14 c:/program files (x86)/atollic/truestudio for stm32 9.3.0/armtools/bin/../lib/gcc/arm-atollic-eabi/6.3.1/armv6-m\libgcc.a(_thumb1_case_uqi.o)
                0x08000108                __gnu_thumb1_case_uqi
 .text          0x0800011c       0x14 c:/program files (x86)/atollic/truestudio for stm32 9.3.0/armtools/bin/../lib/gcc/arm-atollic-eabi/6.3.1/armv6-m\libgcc.a(_thumb1_case_shi.o)
                0x0800011c                __gnu_thumb1_case_shi
 .text          0x08000130      0x114 c:/program files (x86)/atollic/truestudio for stm32 9.3.0/armtools/bin/../lib/gcc/arm-atollic-eabi/6.3.1/armv6-m\libgcc.a(_udivsi3.o)
                0x08000130                __aeabi_uidiv
                0x08000130                __udivsi3
                0x0800023c                __aeabi_uidivmod
 .text          0x08000244        0x4 c:/program files (x86)/atollic/truestudio for stm32 9.3.0/armtools/bin/../lib/gcc/arm-atollic-eabi/6.3.1/armv6-m\libgcc.a(_dvmd_tls.o)
                0x08000244                __aeabi_idiv0
                0x08000244                __aeabi_ldiv0
 .text          0x08000248       0x40 c:/program files (x86)/atollic/truestudio for stm32 9.3.0/armtools/bin/../lib/gcc/arm-atollic-eabi/6.3.1/armv6-m\libgcc.a(_aeabi_uldivmod.o)
                0x08000248                __aeabi_uldivmod
 .text          0x08000288      0x180 c:/program files (x86)/atollic/truestudio for stm32 9.3.0/armtools/bin/../lib/gcc/arm-atollic-eabi/6.3.1/armv6-m\libgcc.a(_udivmoddi4.o)
                0x08000288                __udivmoddi4
 .text          0x08000408       0x18 c:/program files (x86)/atollic/truestudio for stm32 9.3.0/armtools/bin/../lib/gcc/arm-atollic-eabi/6.3.1/armv6-m\libgcc.a(_clzdi2.o)
                0x08000408                __clzdi2
 .text          0x08000420       0x3c c:/program files (x86)/atollic/truestudio for stm32 9.3.0/armtools/bin/../lib/gcc/arm-atollic-eabi/6.3.1/armv6-m\libgcc.a(_clzsi2.o)
                0x08000420                __clzsi2
 *(.text*)
 .text.HAL_InitTick
                0x0800045c       0x30 Drivers\STM32L0xx_HAL_Driver\Src\stm32l0xx_hal.o
                0x0800045c                HAL_InitTick
 .text.HAL_Init
                0x0800048c       0x28 Drivers\STM32L0xx_HAL_Driver\Src\stm32l0xx_hal.o
                0x0800048c                HAL_Init
 .text.HAL_IncTick
                0x080004b4       0x10 Drivers\STM32L0xx_HAL_Driver\Src\stm32l0xx_hal.o
                0x080004b4                HAL_IncTick
 .text.HAL_GetTick
                0x080004c4        0xc Drivers\STM32L0xx_HAL_Driver\Src\stm32l0xx_hal.o
                0x080004c4                HAL_GetTick
 .text.HAL_Delay
                0x080004d0       0x1e Drivers\STM32L0xx_HAL_Driver\Src\stm32l0xx_hal.o
                0x080004d0                HAL_Delay
 *fill*         0x080004ee        0x2 
 .text.ADC_DelayMicroSecond
                0x080004f0       0x2c Drivers\STM32L0xx_HAL_Driver\Src\stm32l0xx_hal_adc.o
 .text.HAL_ADC_Init
                0x0800051c      0x3a0 Drivers\STM32L0xx_HAL_Driver\Src\stm32l0xx_hal_adc.o
                0x0800051c                HAL_ADC_Init
 .text.HAL_ADC_ConvCpltCallback
                0x080008bc        0x2 Drivers\STM32L0xx_HAL_Driver\Src\stm32l0xx_hal_adc.o
                0x080008bc                HAL_ADC_ConvCpltCallback
 .text.HAL_ADC_LevelOutOfWindowCallback
                0x080008be        0x2 Drivers\STM32L0xx_HAL_Driver\Src\stm32l0xx_hal_adc.o
                0x080008be                HAL_ADC_LevelOutOfWindowCallback
 .text.HAL_ADC_ErrorCallback
                0x080008c0        0x2 Drivers\STM32L0xx_HAL_Driver\Src\stm32l0xx_hal_adc.o
                0x080008c0                HAL_ADC_ErrorCallback
 *fill*         0x080008c2        0x2 
 .text.HAL_ADC_IRQHandler
                0x080008c4      0x12c Drivers\STM32L0xx_HAL_Driver\Src\stm32l0xx_hal_adc.o
                0x080008c4                HAL_ADC_IRQHandler
 .text.HAL_ADC_ConfigChannel
                0x080009f0      0x198 Drivers\STM32L0xx_HAL_Driver\Src\stm32l0xx_hal_adc.o
                0x080009f0                HAL_ADC_ConfigChannel
 .text.HAL_NVIC_SetPriority
                0x08000b88       0x74 Drivers\STM32L0xx_HAL_Driver\Src\stm32l0xx_hal_cortex.o
                0x08000b88                HAL_NVIC_SetPriority
 .text.HAL_NVIC_EnableIRQ
                0x08000bfc       0x24 Drivers\STM32L0xx_HAL_Driver\Src\stm32l0xx_hal_cortex.o
                0x08000bfc                HAL_NVIC_EnableIRQ
 .text.HAL_SYSTICK_Config
                0x08000c20       0x34 Drivers\STM32L0xx_HAL_Driver\Src\stm32l0xx_hal_cortex.o
                0x08000c20                HAL_SYSTICK_Config
 .text.HAL_DMA_Init
                0x08000c54      0x188 Drivers\STM32L0xx_HAL_Driver\Src\stm32l0xx_hal_dma.o
                0x08000c54                HAL_DMA_Init
 .text.HAL_DMA_Start_IT
                0x08000ddc       0xa0 Drivers\STM32L0xx_HAL_Driver\Src\stm32l0xx_hal_dma.o
                0x08000ddc                HAL_DMA_Start_IT
 .text.HAL_DMA_Abort_IT
                0x08000e7c       0x4a Drivers\STM32L0xx_HAL_Driver\Src\stm32l0xx_hal_dma.o
                0x08000e7c                HAL_DMA_Abort_IT
 .text.HAL_DMA_IRQHandler
                0x08000ec6       0x96 Drivers\STM32L0xx_HAL_Driver\Src\stm32l0xx_hal_dma.o
                0x08000ec6                HAL_DMA_IRQHandler
 .text.HAL_GPIO_Init
                0x08000f5c      0x26c Drivers\STM32L0xx_HAL_Driver\Src\stm32l0xx_hal_gpio.o
                0x08000f5c                HAL_GPIO_Init
 .text.HAL_GPIO_WritePin
                0x080011c8       0x84 Drivers\STM32L0xx_HAL_Driver\Src\stm32l0xx_hal_gpio.o
                0x080011c8                HAL_GPIO_WritePin
 .text.HAL_GPIO_EXTI_Callback
                0x0800124c        0x2 Drivers\STM32L0xx_HAL_Driver\Src\stm32l0xx_hal_gpio.o
                0x0800124c                HAL_GPIO_EXTI_Callback
 *fill*         0x0800124e        0x2 
 .text.HAL_GPIO_EXTI_IRQHandler
                0x08001250       0x18 Drivers\STM32L0xx_HAL_Driver\Src\stm32l0xx_hal_gpio.o
                0x08001250                HAL_GPIO_EXTI_IRQHandler
 .text.HAL_I2C_Init
                0x08001268      0x160 Drivers\STM32L0xx_HAL_Driver\Src\stm32l0xx_hal_i2c.o
                0x08001268                HAL_I2C_Init
 .text.HAL_I2CEx_ConfigAnalogFilter
                0x080013c8       0x8c Drivers\STM32L0xx_HAL_Driver\Src\stm32l0xx_hal_i2c_ex.o
                0x080013c8                HAL_I2CEx_ConfigAnalogFilter
 .text.HAL_I2CEx_ConfigDigitalFilter
                0x08001454       0x84 Drivers\STM32L0xx_HAL_Driver\Src\stm32l0xx_hal_i2c_ex.o
                0x08001454                HAL_I2CEx_ConfigDigitalFilter
 .text.HAL_RCC_GetSysClockFreq
                0x080014d8       0x78 Drivers\STM32L0xx_HAL_Driver\Src\stm32l0xx_hal_rcc.o
                0x080014d8                HAL_RCC_GetSysClockFreq
 .text.HAL_RCC_OscConfig
                0x08001550      0x6bc Drivers\STM32L0xx_HAL_Driver\Src\stm32l0xx_hal_rcc.o
                0x08001550                HAL_RCC_OscConfig
 .text.HAL_RCC_ClockConfig
                0x08001c0c      0x248 Drivers\STM32L0xx_HAL_Driver\Src\stm32l0xx_hal_rcc.o
                0x08001c0c                HAL_RCC_ClockConfig
 .text.HAL_RCC_GetPCLK1Freq
                0x08001e54       0x20 Drivers\STM32L0xx_HAL_Driver\Src\stm32l0xx_hal_rcc.o
                0x08001e54                HAL_RCC_GetPCLK1Freq
 .text.HAL_RCC_GetPCLK2Freq
                0x08001e74       0x20 Drivers\STM32L0xx_HAL_Driver\Src\stm32l0xx_hal_rcc.o
                0x08001e74                HAL_RCC_GetPCLK2Freq
 .text.HAL_RCCEx_PeriphCLKConfig
                0x08001e94      0x290 Drivers\STM32L0xx_HAL_Driver\Src\stm32l0xx_hal_rcc_ex.o
                0x08001e94                HAL_RCCEx_PeriphCLKConfig
 .text.HAL_RTC_WaitForSynchro
                0x08002124       0x34 Drivers\STM32L0xx_HAL_Driver\Src\stm32l0xx_hal_rtc.o
                0x08002124                HAL_RTC_WaitForSynchro
 .text.RTC_EnterInitMode
                0x08002158       0x38 Drivers\STM32L0xx_HAL_Driver\Src\stm32l0xx_hal_rtc.o
                0x08002158                RTC_EnterInitMode
 .text.HAL_RTC_Init
                0x08002190      0x148 Drivers\STM32L0xx_HAL_Driver\Src\stm32l0xx_hal_rtc.o
                0x08002190                HAL_RTC_Init
 .text.HAL_RTCEx_SetWakeUpTimer_IT
                0x080022d8      0x128 Drivers\STM32L0xx_HAL_Driver\Src\stm32l0xx_hal_rtc_ex.o
                0x080022d8                HAL_RTCEx_SetWakeUpTimer_IT
 .text.HAL_RTCEx_WakeUpTimerEventCallback
                0x08002400        0x2 Drivers\STM32L0xx_HAL_Driver\Src\stm32l0xx_hal_rtc_ex.o
                0x08002400                HAL_RTCEx_WakeUpTimerEventCallback
 *fill*         0x08002402        0x2 
 .text.HAL_RTCEx_WakeUpTimerIRQHandler
                0x08002404       0x34 Drivers\STM32L0xx_HAL_Driver\Src\stm32l0xx_hal_rtc_ex.o
                0x08002404                HAL_RTCEx_WakeUpTimerIRQHandler
 .text.UART_EndRxTransfer
                0x08002438       0x24 Drivers\STM32L0xx_HAL_Driver\Src\stm32l0xx_hal_uart.o
 .text.UART_TxISR_16BIT
                0x0800245c       0x3e Drivers\STM32L0xx_HAL_Driver\Src\stm32l0xx_hal_uart.o
 .text.UART_TxISR_8BIT
                0x0800249a       0x3a Drivers\STM32L0xx_HAL_Driver\Src\stm32l0xx_hal_uart.o
 .text.HAL_UART_Transmit_IT
                0x080024d4       0x7c Drivers\STM32L0xx_HAL_Driver\Src\stm32l0xx_hal_uart.o
                0x080024d4                HAL_UART_Transmit_IT
 .text.HAL_UART_Receive_IT
                0x08002550       0xc8 Drivers\STM32L0xx_HAL_Driver\Src\stm32l0xx_hal_uart.o
                0x08002550                HAL_UART_Receive_IT
 .text.HAL_UART_Transmit_DMA
                0x08002618       0x9c Drivers\STM32L0xx_HAL_Driver\Src\stm32l0xx_hal_uart.o
                0x08002618                HAL_UART_Transmit_DMA
 .text.HAL_UART_Receive_DMA
                0x080026b4       0xb0 Drivers\STM32L0xx_HAL_Driver\Src\stm32l0xx_hal_uart.o
                0x080026b4                HAL_UART_Receive_DMA
 .text.UART_DMATransmitCplt
                0x08002764       0x30 Drivers\STM32L0xx_HAL_Driver\Src\stm32l0xx_hal_uart.o
 .text.HAL_UART_TxHalfCpltCallback
                0x08002794        0x2 Drivers\STM32L0xx_HAL_Driver\Src\stm32l0xx_hal_uart.o
                0x08002794                HAL_UART_TxHalfCpltCallback
 .text.UART_DMATxHalfCplt
                0x08002796        0xa Drivers\STM32L0xx_HAL_Driver\Src\stm32l0xx_hal_uart.o
 .text.UART_RxISR_8BIT
                0x080027a0       0x60 Drivers\STM32L0xx_HAL_Driver\Src\stm32l0xx_hal_uart.o
 .text.UART_RxISR_16BIT
                0x08002800       0x5c Drivers\STM32L0xx_HAL_Driver\Src\stm32l0xx_hal_uart.o
 .text.UART_DMAReceiveCplt
                0x0800285c       0x40 Drivers\STM32L0xx_HAL_Driver\Src\stm32l0xx_hal_uart.o
 .text.HAL_UART_RxHalfCpltCallback
                0x0800289c        0x2 Drivers\STM32L0xx_HAL_Driver\Src\stm32l0xx_hal_uart.o
                0x0800289c                HAL_UART_RxHalfCpltCallback
 .text.UART_DMARxHalfCplt
                0x0800289e        0xa Drivers\STM32L0xx_HAL_Driver\Src\stm32l0xx_hal_uart.o
 .text.HAL_UART_ErrorCallback
                0x080028a8        0x2 Drivers\STM32L0xx_HAL_Driver\Src\stm32l0xx_hal_uart.o
                0x080028a8                HAL_UART_ErrorCallback
 .text.UART_DMAError
                0x080028aa       0x50 Drivers\STM32L0xx_HAL_Driver\Src\stm32l0xx_hal_uart.o
 *fill*         0x080028fa        0x2 
 .text.HAL_UART_IRQHandler
                0x080028fc      0x138 Drivers\STM32L0xx_HAL_Driver\Src\stm32l0xx_hal_uart.o
                0x080028fc                HAL_UART_IRQHandler
 .text.UART_DMAAbortOnError
                0x08002a34       0x16 Drivers\STM32L0xx_HAL_Driver\Src\stm32l0xx_hal_uart.o
 *fill*         0x08002a4a        0x2 
 .text.UART_SetConfig
                0x08002a4c      0x348 Drivers\STM32L0xx_HAL_Driver\Src\stm32l0xx_hal_uart.o
                0x08002a4c                UART_SetConfig
 .text.UART_AdvFeatureConfig
                0x08002d94      0x1bc Drivers\STM32L0xx_HAL_Driver\Src\stm32l0xx_hal_uart.o
                0x08002d94                UART_AdvFeatureConfig
 .text.UART_WaitOnFlagUntilTimeout
                0x08002f50       0x5c Drivers\STM32L0xx_HAL_Driver\Src\stm32l0xx_hal_uart.o
                0x08002f50                UART_WaitOnFlagUntilTimeout
 .text.HAL_UART_Transmit
                0x08002fac       0xd2 Drivers\STM32L0xx_HAL_Driver\Src\stm32l0xx_hal_uart.o
                0x08002fac                HAL_UART_Transmit
 *fill*         0x0800307e        0x2 
 .text.UART_CheckIdleState
                0x08003080       0x60 Drivers\STM32L0xx_HAL_Driver\Src\stm32l0xx_hal_uart.o
                0x08003080                UART_CheckIdleState
 .text.HAL_UART_Init
                0x080030e0       0xd0 Drivers\STM32L0xx_HAL_Driver\Src\stm32l0xx_hal_uart.o
                0x080030e0                HAL_UART_Init
 .text.HAL_UARTEx_WakeupCallback
                0x080031b0        0x2 Drivers\STM32L0xx_HAL_Driver\Src\stm32l0xx_hal_uart_ex.o
                0x080031b0                HAL_UARTEx_WakeupCallback
 *fill*         0x080031b2        0x2 
 .text.SystemClock_Config
                0x080031b4       0x88 Src\main.o
                0x080031b4                SystemClock_Config
 .text.HAL_UART_TxCpltCallback
                0x0800323c       0x24 Src\main.o
                0x0800323c                HAL_UART_TxCpltCallback
 .text.HAL_UART_RxCpltCallback
                0x08003260       0x4c Src\main.o
                0x08003260                HAL_UART_RxCpltCallback
 .text.fn_call  0x080032ac       0xa0 Src\main.o
                0x080032ac                fn_call
 .text.startup.main
                0x0800334c      0x418 Src\main.o
                0x0800334c                main
 .text.Error_Handler
                0x08003764        0x2 Src\main.o
                0x08003764                Error_Handler
 .text.assert_failed
                0x08003766        0x2 Src\main.o
                0x08003766                assert_failed
 .text.HAL_MspInit
                0x08003768       0x2c Src\stm32l0xx_hal_msp.o
                0x08003768                HAL_MspInit
 .text.HAL_ADC_MspInit
                0x08003794       0xa4 Src\stm32l0xx_hal_msp.o
                0x08003794                HAL_ADC_MspInit
 .text.HAL_I2C_MspInit
                0x08003838       0x64 Src\stm32l0xx_hal_msp.o
                0x08003838                HAL_I2C_MspInit
 .text.HAL_UART_MspInit
                0x0800389c      0x204 Src\stm32l0xx_hal_msp.o
                0x0800389c                HAL_UART_MspInit
 .text.HAL_RTC_MspInit
                0x08003aa0       0x30 Src\stm32l0xx_hal_msp.o
                0x08003aa0                HAL_RTC_MspInit
 .text.NMI_Handler
                0x08003ad0        0x2 Src\stm32l0xx_it.o
                0x08003ad0                NMI_Handler
 .text.HardFault_Handler
                0x08003ad2        0x2 Src\stm32l0xx_it.o
                0x08003ad2                HardFault_Handler
 .text.SVC_Handler
                0x08003ad4        0x2 Src\stm32l0xx_it.o
                0x08003ad4                SVC_Handler
 .text.PendSV_Handler
                0x08003ad6        0x2 Src\stm32l0xx_it.o
                0x08003ad6                PendSV_Handler
 .text.SysTick_Handler
                0x08003ad8        0x8 Src\stm32l0xx_it.o
                0x08003ad8                SysTick_Handler
 .text.RTC_IRQHandler
                0x08003ae0       0x10 Src\stm32l0xx_it.o
                0x08003ae0                RTC_IRQHandler
 .text.RCC_CRS_IRQHandler
                0x08003af0        0x2 Src\stm32l0xx_it.o
                0x08003af0                RCC_CRS_IRQHandler
 .text.EXTI0_1_IRQHandler
                0x08003af2       0x10 Src\stm32l0xx_it.o
                0x08003af2                EXTI0_1_IRQHandler
 .text.EXTI4_15_IRQHandler
                0x08003b02       0x14 Src\stm32l0xx_it.o
                0x08003b02                EXTI4_15_IRQHandler
 *fill*         0x08003b16        0x2 
 .text.DMA1_Channel1_IRQHandler
                0x08003b18       0x10 Src\stm32l0xx_it.o
                0x08003b18                DMA1_Channel1_IRQHandler
 .text.DMA1_Channel2_3_IRQHandler
                0x08003b28       0x18 Src\stm32l0xx_it.o
                0x08003b28                DMA1_Channel2_3_IRQHandler
 .text.ADC1_COMP_IRQHandler
                0x08003b40       0x10 Src\stm32l0xx_it.o
                0x08003b40                ADC1_COMP_IRQHandler
 .text.USART4_5_IRQHandler
                0x08003b50       0x18 Src\stm32l0xx_it.o
                0x08003b50                USART4_5_IRQHandler
 .text.USART1_IRQHandler
                0x08003b68       0x10 Src\stm32l0xx_it.o
                0x08003b68                USART1_IRQHandler
 .text.USART2_IRQHandler
                0x08003b78       0x10 Src\stm32l0xx_it.o
                0x08003b78                USART2_IRQHandler
 .text.RNG_LPUART1_IRQHandler
                0x08003b88       0x10 Src\stm32l0xx_it.o
                0x08003b88                RNG_LPUART1_IRQHandler
 .text.SystemInit
                0x08003b98       0x5c Src\system_stm32l0xx.o
                0x08003b98                SystemInit
 .text.Reset_Handler
                0x08003bf4       0x50 startup\startup_stm32l072xx.o
                0x08003bf4                Reset_Handler
 .text.Default_Handler
                0x08003c44        0x2 startup\startup_stm32l072xx.o
                0x08003c44                TSC_IRQHandler
                0x08003c44                PVD_IRQHandler
                0x08003c44                I2C1_IRQHandler
                0x08003c44                SPI1_IRQHandler
                0x08003c44                TIM6_DAC_IRQHandler
                0x08003c44                EXTI2_3_IRQHandler
                0x08003c44                I2C2_IRQHandler
                0x08003c44                DMA1_Channel4_5_6_7_IRQHandler
                0x08003c44                TIM3_IRQHandler
                0x08003c44                Default_Handler
                0x08003c44                TIM22_IRQHandler
                0x08003c44                TIM7_IRQHandler
                0x08003c44                USB_IRQHandler
                0x08003c44                I2C3_IRQHandler
                0x08003c44                SPI2_IRQHandler
                0x08003c44                TIM21_IRQHandler
                0x08003c44                WWDG_IRQHandler
                0x08003c44                TIM2_IRQHandler
                0x08003c44                FLASH_IRQHandler
                0x08003c44                LPTIM1_IRQHandler
 *fill*         0x08003c46        0x2 
 .text.__libc_init_array
                0x08003c48       0x48 c:/program files (x86)/atollic/truestudio for stm32 9.3.0/armtools/bin/../lib/gcc/arm-atollic-eabi/6.3.1/../../../../arm-atollic-eabi/lib/armv6-m\libc_nano.a(lib_a-init.o)
                0x08003c48                __libc_init_array
 .text.memset   0x08003c90       0x10 c:/program files (x86)/atollic/truestudio for stm32 9.3.0/armtools/bin/../lib/gcc/arm-atollic-eabi/6.3.1/../../../../arm-atollic-eabi/lib/armv6-m\libc_nano.a(lib_a-memset.o)
                0x08003c90                memset
 .text.strcpy   0x08003ca0       0x10 c:/program files (x86)/atollic/truestudio for stm32 9.3.0/armtools/bin/../lib/gcc/arm-atollic-eabi/6.3.1/../../../../arm-atollic-eabi/lib/armv6-m\libc_nano.a(lib_a-strcpy.o)
                0x08003ca0                strcpy
 *(.glue_7)
 .glue_7        0x08003cb0        0x0 linker stubs
 *(.glue_7t)
 .glue_7t       0x08003cb0        0x0 linker stubs
 *(.eh_frame)
 .eh_frame      0x08003cb0        0x0 c:/program files (x86)/atollic/truestudio for stm32 9.3.0/armtools/bin/../lib/gcc/arm-atollic-eabi/6.3.1/armv6-m/crtbegin.o
 *(.init)
 .init          0x08003cb0        0x4 c:/program files (x86)/atollic/truestudio for stm32 9.3.0/armtools/bin/../lib/gcc/arm-atollic-eabi/6.3.1/armv6-m/crti.o
                0x08003cb0                _init
 .init          0x08003cb4        0x8 c:/program files (x86)/atollic/truestudio for stm32 9.3.0/armtools/bin/../lib/gcc/arm-atollic-eabi/6.3.1/armv6-m/crtn.o
 *(.fini)
 .fini          0x08003cbc        0x4 c:/program files (x86)/atollic/truestudio for stm32 9.3.0/armtools/bin/../lib/gcc/arm-atollic-eabi/6.3.1/armv6-m/crti.o
                0x08003cbc                _fini
 .fini          0x08003cc0        0x8 c:/program files (x86)/atollic/truestudio for stm32 9.3.0/armtools/bin/../lib/gcc/arm-atollic-eabi/6.3.1/armv6-m/crtn.o
                0x08003cc8                . = ALIGN (0x4)
                0x08003cc8                _etext = .

.vfp11_veneer   0x08003cc8        0x0
 .vfp11_veneer  0x08003cc8        0x0 linker stubs

.v4_bx          0x08003cc8        0x0
 .v4_bx         0x08003cc8        0x0 linker stubs

.iplt           0x08003cc8        0x0
 .iplt          0x08003cc8        0x0 c:/program files (x86)/atollic/truestudio for stm32 9.3.0/armtools/bin/../lib/gcc/arm-atollic-eabi/6.3.1/armv6-m/crtbegin.o

.rodata         0x08003cc8      0x2d4
                0x08003cc8                . = ALIGN (0x4)
 *(.rodata)
 *(.rodata*)
 .rodata.ADC_ConversionStop.str1.1
                0x08003cc8       0x38 Drivers\STM32L0xx_HAL_Driver\Src\stm32l0xx_hal_adc.o
 .rodata.HAL_NVIC_SetPriority.str1.1
                0x08003d00       0x3b Drivers\STM32L0xx_HAL_Driver\Src\stm32l0xx_hal_cortex.o
 .rodata.HAL_DMA_Init.str1.1
                0x08003d3b       0x38 Drivers\STM32L0xx_HAL_Driver\Src\stm32l0xx_hal_dma.o
 .rodata.HAL_GPIO_Init.str1.1
                0x08003d73       0x39 Drivers\STM32L0xx_HAL_Driver\Src\stm32l0xx_hal_gpio.o
 .rodata.I2C_TransferConfig.str1.1
                0x08003dac       0x38 Drivers\STM32L0xx_HAL_Driver\Src\stm32l0xx_hal_i2c.o
 .rodata.HAL_I2CEx_ConfigAnalogFilter.str1.1
                0x08003de4       0x3b Drivers\STM32L0xx_HAL_Driver\Src\stm32l0xx_hal_i2c_ex.o
 .rodata.HAL_RCC_MCOConfig.str1.1
                0x08003e1f       0x38 Drivers\STM32L0xx_HAL_Driver\Src\stm32l0xx_hal_rcc.o
 .rodata.HAL_RCCEx_PeriphCLKConfig.str1.1
                0x08003e57       0x3b Drivers\STM32L0xx_HAL_Driver\Src\stm32l0xx_hal_rcc_ex.o
 .rodata.HAL_RTC_DeactivateAlarm.str1.1
                0x08003e92       0x38 Drivers\STM32L0xx_HAL_Driver\Src\stm32l0xx_hal_rtc.o
 .rodata.HAL_RTCEx_SetTimeStamp.str1.1
                0x08003eca       0x3b Drivers\STM32L0xx_HAL_Driver\Src\stm32l0xx_hal_rtc_ex.o
 .rodata.CSWTCH.55
                0x08003f05        0x4 Drivers\STM32L0xx_HAL_Driver\Src\stm32l0xx_hal_uart.o
 .rodata.CSWTCH.56
                0x08003f09        0xd Drivers\STM32L0xx_HAL_Driver\Src\stm32l0xx_hal_uart.o
 .rodata.HAL_UART_DeInit.str1.1
                0x08003f16       0x39 Drivers\STM32L0xx_HAL_Driver\Src\stm32l0xx_hal_uart.o
 .rodata.main.str1.1
                0x08003f4f       0x29 Src\main.o
 .rodata.AHBPrescTable
                0x08003f78       0x10 Src\system_stm32l0xx.o
                0x08003f78                AHBPrescTable
 .rodata.APBPrescTable
                0x08003f88        0x8 Src\system_stm32l0xx.o
                0x08003f88                APBPrescTable
 .rodata.PLLMulTable
                0x08003f90        0x9 Src\system_stm32l0xx.o
                0x08003f90                PLLMulTable
                0x08003f9c                . = ALIGN (0x4)
 *fill*         0x08003f99        0x3 

.ARM.extab
 *(.ARM.extab* .gnu.linkonce.armextab.*)

.ARM            0x08003f9c        0x8
                0x08003f9c                __exidx_start = .
 *(.ARM.exidx*)
 .ARM.exidx     0x08003f9c        0x8 c:/program files (x86)/atollic/truestudio for stm32 9.3.0/armtools/bin/../lib/gcc/arm-atollic-eabi/6.3.1/armv6-m\libgcc.a(_udivmoddi4.o)
                0x08003fa4                __exidx_end = .

.rel.dyn        0x08003fa4        0x0
 .rel.iplt      0x08003fa4        0x0 c:/program files (x86)/atollic/truestudio for stm32 9.3.0/armtools/bin/../lib/gcc/arm-atollic-eabi/6.3.1/armv6-m/crtbegin.o

.preinit_array  0x08003fa4        0x0
                0x08003fa4                PROVIDE (__preinit_array_start, .)
 *(.preinit_array*)
                0x08003fa4                PROVIDE (__preinit_array_end, .)

.init_array     0x08003fa4        0x4
                0x08003fa4                PROVIDE (__init_array_start, .)
 *(SORT(.init_array.*))
 *(.init_array*)
 .init_array    0x08003fa4        0x4 c:/program files (x86)/atollic/truestudio for stm32 9.3.0/armtools/bin/../lib/gcc/arm-atollic-eabi/6.3.1/armv6-m/crtbegin.o
                0x08003fa8                PROVIDE (__init_array_end, .)

.fini_array     0x08003fa8        0x4
                [!provide]                PROVIDE (__fini_array_start, .)
 *(SORT(.fini_array.*))
 *(.fini_array*)
 .fini_array    0x08003fa8        0x4 c:/program files (x86)/atollic/truestudio for stm32 9.3.0/armtools/bin/../lib/gcc/arm-atollic-eabi/6.3.1/armv6-m/crtbegin.o
                [!provide]                PROVIDE (__fini_array_end, .)
                0x08003fac                _sidata = LOADADDR (.data)

.data           0x20000000        0x4 load address 0x08003fac
                0x20000000                . = ALIGN (0x4)
                0x20000000                _sdata = .
 *(.data)
 *(.data*)
 .data.SystemCoreClock
                0x20000000        0x4 Src\system_stm32l0xx.o
                0x20000000                SystemCoreClock
                0x20000004                . = ALIGN (0x4)
                0x20000004                _edata = .

.igot.plt       0x20000004        0x0 load address 0x08003fb0
 .igot.plt      0x20000004        0x0 c:/program files (x86)/atollic/truestudio for stm32 9.3.0/armtools/bin/../lib/gcc/arm-atollic-eabi/6.3.1/armv6-m/crtbegin.o
                0x20000004                . = ALIGN (0x4)

.bss            0x20000004      0x4b8 load address 0x08003fb0
                0x20000004                _sbss = .
                0x20000004                __bss_start__ = _sbss
 *(.bss)
 .bss           0x20000004       0x1c c:/program files (x86)/atollic/truestudio for stm32 9.3.0/armtools/bin/../lib/gcc/arm-atollic-eabi/6.3.1/armv6-m/crtbegin.o
 *(.bss*)
 .bss.HTbytesToReceive
                0x20000020        0x4 Src\main.o
                0x20000020                HTbytesToReceive
 .bss.UartReady
                0x20000024        0x1 Src\main.o
                0x20000024                UartReady
 .bss.receiver  0x20000025       0x64 Src\main.o
                0x20000025                receiver
 *(COMMON)
 *fill*         0x20000089        0x3 
 COMMON         0x2000008c        0x4 Drivers\STM32L0xx_HAL_Driver\Src\stm32l0xx_hal.o
                0x2000008c                uwTick
 COMMON         0x20000090      0x42c Src\main.o
                0x20000090                hi2c1
                0x200000dc                hdma_usart5_rx
                0x20000124                hlpuart1
                0x200001a4                huart5
                0x20000224                huart1
                0x200002a4                gsmbyte
                0x200002a8                hrtc
                0x200002cc                byte
                0x200002d0                huart4
                0x20000350                huart2
                0x200003d0                hdma_adc
                0x20000418                hdma_usart5_tx
                0x20000460                hadc
                0x200004bc                . = ALIGN (0x4)
                0x200004bc                _ebss = .
                0x200004bc                __bss_end__ = _ebss

._user_heap_stack
                0x200004bc      0x600 load address 0x08003fb0
                0x200004bc                . = ALIGN (0x4)
                0x200004bc                PROVIDE (end, .)
                [!provide]                PROVIDE (_end, .)
                0x200006bc                . = (. + _Min_Heap_Size)
 *fill*         0x200004bc      0x200 
                0x20000abc                . = (. + _Min_Stack_Size)
 *fill*         0x200006bc      0x400 
                0x20000abc                . = ALIGN (0x4)

/DISCARD/
 libc.a(*)
 libm.a(*)
 libgcc.a(*)

.ARM.attributes
                0x00000000       0x28
 *(.ARM.attributes)
 .ARM.attributes
                0x00000000       0x1e c:/program files (x86)/atollic/truestudio for stm32 9.3.0/armtools/bin/../lib/gcc/arm-atollic-eabi/6.3.1/armv6-m/crti.o
 .ARM.attributes
                0x0000001e       0x2c c:/program files (x86)/atollic/truestudio for stm32 9.3.0/armtools/bin/../lib/gcc/arm-atollic-eabi/6.3.1/armv6-m/crtbegin.o
 .ARM.attributes
                0x0000004a       0x32 Drivers\STM32L0xx_HAL_Driver\Src\stm32l0xx_hal.o
 .ARM.attributes
                0x0000007c       0x32 Drivers\STM32L0xx_HAL_Driver\Src\stm32l0xx_hal_adc.o
 .ARM.attributes
                0x000000ae       0x32 Drivers\STM32L0xx_HAL_Driver\Src\stm32l0xx_hal_cortex.o
 .ARM.attributes
                0x000000e0       0x32 Drivers\STM32L0xx_HAL_Driver\Src\stm32l0xx_hal_dma.o
 .ARM.attributes
                0x00000112       0x32 Drivers\STM32L0xx_HAL_Driver\Src\stm32l0xx_hal_gpio.o
 .ARM.attributes
                0x00000144       0x32 Drivers\STM32L0xx_HAL_Driver\Src\stm32l0xx_hal_i2c.o
 .ARM.attributes
                0x00000176       0x32 Drivers\STM32L0xx_HAL_Driver\Src\stm32l0xx_hal_i2c_ex.o
 .ARM.attributes
                0x000001a8       0x32 Drivers\STM32L0xx_HAL_Driver\Src\stm32l0xx_hal_rcc.o
 .ARM.attributes
                0x000001da       0x32 Drivers\STM32L0xx_HAL_Driver\Src\stm32l0xx_hal_rcc_ex.o
 .ARM.attributes
                0x0000020c       0x32 Drivers\STM32L0xx_HAL_Driver\Src\stm32l0xx_hal_rtc.o
 .ARM.attributes
                0x0000023e       0x32 Drivers\STM32L0xx_HAL_Driver\Src\stm32l0xx_hal_rtc_ex.o
 .ARM.attributes
                0x00000270       0x32 Drivers\STM32L0xx_HAL_Driver\Src\stm32l0xx_hal_uart.o
 .ARM.attributes
                0x000002a2       0x32 Drivers\STM32L0xx_HAL_Driver\Src\stm32l0xx_hal_uart_ex.o
 .ARM.attributes
                0x000002d4       0x32 Src\main.o
 .ARM.attributes
                0x00000306       0x32 Src\stm32l0xx_hal_msp.o
 .ARM.attributes
                0x00000338       0x32 Src\stm32l0xx_it.o
 .ARM.attributes
                0x0000036a       0x32 Src\system_stm32l0xx.o
 .ARM.attributes
                0x0000039c       0x22 startup\startup_stm32l072xx.o
 .ARM.attributes
                0x000003be       0x2c c:/program files (x86)/atollic/truestudio for stm32 9.3.0/armtools/bin/../lib/gcc/arm-atollic-eabi/6.3.1/../../../../arm-atollic-eabi/lib/armv6-m\libc_nano.a(lib_a-init.o)
 .ARM.attributes
                0x000003ea       0x2c c:/program files (x86)/atollic/truestudio for stm32 9.3.0/armtools/bin/../lib/gcc/arm-atollic-eabi/6.3.1/../../../../arm-atollic-eabi/lib/armv6-m\libc_nano.a(lib_a-memset.o)
 .ARM.attributes
                0x00000416       0x2c c:/program files (x86)/atollic/truestudio for stm32 9.3.0/armtools/bin/../lib/gcc/arm-atollic-eabi/6.3.1/../../../../arm-atollic-eabi/lib/armv6-m\libc_nano.a(lib_a-strcpy.o)
 .ARM.attributes
                0x00000442       0x1e c:/program files (x86)/atollic/truestudio for stm32 9.3.0/armtools/bin/../lib/gcc/arm-atollic-eabi/6.3.1/armv6-m\libgcc.a(_thumb1_case_uqi.o)
 .ARM.attributes
                0x00000460       0x1e c:/program files (x86)/atollic/truestudio for stm32 9.3.0/armtools/bin/../lib/gcc/arm-atollic-eabi/6.3.1/armv6-m\libgcc.a(_thumb1_case_shi.o)
 .ARM.attributes
                0x0000047e       0x1e c:/program files (x86)/atollic/truestudio for stm32 9.3.0/armtools/bin/../lib/gcc/arm-atollic-eabi/6.3.1/armv6-m\libgcc.a(_udivsi3.o)
 .ARM.attributes
                0x0000049c       0x1e c:/program files (x86)/atollic/truestudio for stm32 9.3.0/armtools/bin/../lib/gcc/arm-atollic-eabi/6.3.1/armv6-m\libgcc.a(_dvmd_tls.o)
 .ARM.attributes
                0x000004ba       0x1e c:/program files (x86)/atollic/truestudio for stm32 9.3.0/armtools/bin/../lib/gcc/arm-atollic-eabi/6.3.1/armv6-m\libgcc.a(_aeabi_uldivmod.o)
 .ARM.attributes
                0x000004d8       0x2c c:/program files (x86)/atollic/truestudio for stm32 9.3.0/armtools/bin/../lib/gcc/arm-atollic-eabi/6.3.1/armv6-m\libgcc.a(_udivmoddi4.o)
 .ARM.attributes
                0x00000504       0x1e c:/program files (x86)/atollic/truestudio for stm32 9.3.0/armtools/bin/../lib/gcc/arm-atollic-eabi/6.3.1/armv6-m\libgcc.a(_clzdi2.o)
 .ARM.attributes
                0x00000522       0x1e c:/program files (x86)/atollic/truestudio for stm32 9.3.0/armtools/bin/../lib/gcc/arm-atollic-eabi/6.3.1/armv6-m\libgcc.a(_clzsi2.o)
 .ARM.attributes
                0x00000540       0x1e c:/program files (x86)/atollic/truestudio for stm32 9.3.0/armtools/bin/../lib/gcc/arm-atollic-eabi/6.3.1/armv6-m/crtn.o
OUTPUT(UART_test.elf elf32-littlearm)

.debug_info     0x00000000    0x13d6a
 .debug_info    0x00000000      0x902 Drivers\STM32L0xx_HAL_Driver\Src\stm32l0xx_hal.o
 .debug_info    0x00000902     0x1498 Drivers\STM32L0xx_HAL_Driver\Src\stm32l0xx_hal_adc.o
 .debug_info    0x00001d9a      0xb66 Drivers\STM32L0xx_HAL_Driver\Src\stm32l0xx_hal_cortex.o
 .debug_info    0x00002900      0x979 Drivers\STM32L0xx_HAL_Driver\Src\stm32l0xx_hal_dma.o
 .debug_info    0x00003279      0x83e Drivers\STM32L0xx_HAL_Driver\Src\stm32l0xx_hal_gpio.o
 .debug_info    0x00003ab7     0x3b41 Drivers\STM32L0xx_HAL_Driver\Src\stm32l0xx_hal_i2c.o
 .debug_info    0x000075f8      0x9d1 Drivers\STM32L0xx_HAL_Driver\Src\stm32l0xx_hal_i2c_ex.o
 .debug_info    0x00007fc9      0xf86 Drivers\STM32L0xx_HAL_Driver\Src\stm32l0xx_hal_rcc.o
 .debug_info    0x00008f4f      0xac4 Drivers\STM32L0xx_HAL_Driver\Src\stm32l0xx_hal_rcc_ex.o
 .debug_info    0x00009a13     0x1585 Drivers\STM32L0xx_HAL_Driver\Src\stm32l0xx_hal_rtc.o
 .debug_info    0x0000af98     0x142d Drivers\STM32L0xx_HAL_Driver\Src\stm32l0xx_hal_rtc_ex.o
 .debug_info    0x0000c3c5     0x1e5f Drivers\STM32L0xx_HAL_Driver\Src\stm32l0xx_hal_uart.o
 .debug_info    0x0000e224      0xa72 Drivers\STM32L0xx_HAL_Driver\Src\stm32l0xx_hal_uart_ex.o
 .debug_info    0x0000ec96     0x2847 Src\main.o
 .debug_info    0x000114dd     0x16f0 Src\stm32l0xx_hal_msp.o
 .debug_info    0x00012bcd      0xd80 Src\stm32l0xx_it.o
 .debug_info    0x0001394d      0x398 Src\system_stm32l0xx.o
 .debug_info    0x00013ce5       0x85 startup\startup_stm32l072xx.o

.debug_abbrev   0x00000000     0x2824
 .debug_abbrev  0x00000000      0x28e Drivers\STM32L0xx_HAL_Driver\Src\stm32l0xx_hal.o
 .debug_abbrev  0x0000028e      0x2a5 Drivers\STM32L0xx_HAL_Driver\Src\stm32l0xx_hal_adc.o
 .debug_abbrev  0x00000533      0x29d Drivers\STM32L0xx_HAL_Driver\Src\stm32l0xx_hal_cortex.o
 .debug_abbrev  0x000007d0      0x218 Drivers\STM32L0xx_HAL_Driver\Src\stm32l0xx_hal_dma.o
 .debug_abbrev  0x000009e8      0x1ff Drivers\STM32L0xx_HAL_Driver\Src\stm32l0xx_hal_gpio.o
 .debug_abbrev  0x00000be7      0x334 Drivers\STM32L0xx_HAL_Driver\Src\stm32l0xx_hal_i2c.o
 .debug_abbrev  0x00000f1b      0x1c6 Drivers\STM32L0xx_HAL_Driver\Src\stm32l0xx_hal_i2c_ex.o
 .debug_abbrev  0x000010e1      0x2af Drivers\STM32L0xx_HAL_Driver\Src\stm32l0xx_hal_rcc.o
 .debug_abbrev  0x00001390      0x250 Drivers\STM32L0xx_HAL_Driver\Src\stm32l0xx_hal_rcc_ex.o
 .debug_abbrev  0x000015e0      0x208 Drivers\STM32L0xx_HAL_Driver\Src\stm32l0xx_hal_rtc.o
 .debug_abbrev  0x000017e8      0x224 Drivers\STM32L0xx_HAL_Driver\Src\stm32l0xx_hal_rtc_ex.o
 .debug_abbrev  0x00001a0c      0x321 Drivers\STM32L0xx_HAL_Driver\Src\stm32l0xx_hal_uart.o
 .debug_abbrev  0x00001d2d      0x23f Drivers\STM32L0xx_HAL_Driver\Src\stm32l0xx_hal_uart_ex.o
 .debug_abbrev  0x00001f6c      0x38d Src\main.o
 .debug_abbrev  0x000022f9      0x21d Src\stm32l0xx_hal_msp.o
 .debug_abbrev  0x00002516      0x1ee Src\stm32l0xx_it.o
 .debug_abbrev  0x00002704      0x10e Src\system_stm32l0xx.o
 .debug_abbrev  0x00002812       0x12 startup\startup_stm32l072xx.o

.debug_loc      0x00000000     0x97c3
 .debug_loc     0x00000000      0x17f Drivers\STM32L0xx_HAL_Driver\Src\stm32l0xx_hal.o
 .debug_loc     0x0000017f      0xa59 Drivers\STM32L0xx_HAL_Driver\Src\stm32l0xx_hal_adc.o
 .debug_loc     0x00000bd8      0x3f4 Drivers\STM32L0xx_HAL_Driver\Src\stm32l0xx_hal_cortex.o
 .debug_loc     0x00000fcc      0x795 Drivers\STM32L0xx_HAL_Driver\Src\stm32l0xx_hal_dma.o
 .debug_loc     0x00001761      0x586 Drivers\STM32L0xx_HAL_Driver\Src\stm32l0xx_hal_gpio.o
 .debug_loc     0x00001ce7     0x38c9 Drivers\STM32L0xx_HAL_Driver\Src\stm32l0xx_hal_i2c.o
 .debug_loc     0x000055b0      0x1ee Drivers\STM32L0xx_HAL_Driver\Src\stm32l0xx_hal_i2c_ex.o
 .debug_loc     0x0000579e      0x5c6 Drivers\STM32L0xx_HAL_Driver\Src\stm32l0xx_hal_rcc.o
 .debug_loc     0x00005d64      0x50e Drivers\STM32L0xx_HAL_Driver\Src\stm32l0xx_hal_rcc_ex.o
 .debug_loc     0x00006272      0xb23 Drivers\STM32L0xx_HAL_Driver\Src\stm32l0xx_hal_rtc.o
 .debug_loc     0x00006d95      0xe8c Drivers\STM32L0xx_HAL_Driver\Src\stm32l0xx_hal_rtc_ex.o
 .debug_loc     0x00007c21     0x1533 Drivers\STM32L0xx_HAL_Driver\Src\stm32l0xx_hal_uart.o
 .debug_loc     0x00009154      0x2fc Drivers\STM32L0xx_HAL_Driver\Src\stm32l0xx_hal_uart_ex.o
 .debug_loc     0x00009450       0x76 Src\main.o
 .debug_loc     0x000094c6      0x1a2 Src\stm32l0xx_hal_msp.o
 .debug_loc     0x00009668      0x15b Src\system_stm32l0xx.o

.debug_aranges  0x00000000      0xbe8
 .debug_aranges
                0x00000000       0xf0 Drivers\STM32L0xx_HAL_Driver\Src\stm32l0xx_hal.o
 .debug_aranges
                0x000000f0       0xd8 Drivers\STM32L0xx_HAL_Driver\Src\stm32l0xx_hal_adc.o
 .debug_aranges
                0x000001c8       0x90 Drivers\STM32L0xx_HAL_Driver\Src\stm32l0xx_hal_cortex.o
 .debug_aranges
                0x00000258       0x78 Drivers\STM32L0xx_HAL_Driver\Src\stm32l0xx_hal_dma.o
 .debug_aranges
                0x000002d0       0x58 Drivers\STM32L0xx_HAL_Driver\Src\stm32l0xx_hal_gpio.o
 .debug_aranges
                0x00000328      0x238 Drivers\STM32L0xx_HAL_Driver\Src\stm32l0xx_hal_i2c.o
 .debug_aranges
                0x00000560       0x48 Drivers\STM32L0xx_HAL_Driver\Src\stm32l0xx_hal_i2c_ex.o
 .debug_aranges
                0x000005a8       0x80 Drivers\STM32L0xx_HAL_Driver\Src\stm32l0xx_hal_rcc.o
 .debug_aranges
                0x00000628       0x98 Drivers\STM32L0xx_HAL_Driver\Src\stm32l0xx_hal_rcc_ex.o
 .debug_aranges
                0x000006c0       0xa8 Drivers\STM32L0xx_HAL_Driver\Src\stm32l0xx_hal_rtc.o
 .debug_aranges
                0x00000768      0x108 Drivers\STM32L0xx_HAL_Driver\Src\stm32l0xx_hal_rtc_ex.o
 .debug_aranges
                0x00000870      0x1a0 Drivers\STM32L0xx_HAL_Driver\Src\stm32l0xx_hal_uart.o
 .debug_aranges
                0x00000a10       0x58 Drivers\STM32L0xx_HAL_Driver\Src\stm32l0xx_hal_uart_ex.o
 .debug_aranges
                0x00000a68       0x50 Src\main.o
 .debug_aranges
                0x00000ab8       0x60 Src\stm32l0xx_hal_msp.o
 .debug_aranges
                0x00000b18       0x80 Src\stm32l0xx_it.o
 .debug_aranges
                0x00000b98       0x28 Src\system_stm32l0xx.o
 .debug_aranges
                0x00000bc0       0x28 startup\startup_stm32l072xx.o

.debug_ranges   0x00000000      0xe40
 .debug_ranges  0x00000000       0xe0 Drivers\STM32L0xx_HAL_Driver\Src\stm32l0xx_hal.o
 .debug_ranges  0x000000e0       0xc8 Drivers\STM32L0xx_HAL_Driver\Src\stm32l0xx_hal_adc.o
 .debug_ranges  0x000001a8      0x138 Drivers\STM32L0xx_HAL_Driver\Src\stm32l0xx_hal_cortex.o
 .debug_ranges  0x000002e0       0xa8 Drivers\STM32L0xx_HAL_Driver\Src\stm32l0xx_hal_dma.o
 .debug_ranges  0x00000388       0x48 Drivers\STM32L0xx_HAL_Driver\Src\stm32l0xx_hal_gpio.o
 .debug_ranges  0x000003d0      0x288 Drivers\STM32L0xx_HAL_Driver\Src\stm32l0xx_hal_i2c.o
 .debug_ranges  0x00000658       0x38 Drivers\STM32L0xx_HAL_Driver\Src\stm32l0xx_hal_i2c_ex.o
 .debug_ranges  0x00000690       0xd8 Drivers\STM32L0xx_HAL_Driver\Src\stm32l0xx_hal_rcc.o
 .debug_ranges  0x00000768       0xa8 Drivers\STM32L0xx_HAL_Driver\Src\stm32l0xx_hal_rcc_ex.o
 .debug_ranges  0x00000810       0x98 Drivers\STM32L0xx_HAL_Driver\Src\stm32l0xx_hal_rtc.o
 .debug_ranges  0x000008a8       0xf8 Drivers\STM32L0xx_HAL_Driver\Src\stm32l0xx_hal_rtc_ex.o
 .debug_ranges  0x000009a0      0x190 Drivers\STM32L0xx_HAL_Driver\Src\stm32l0xx_hal_uart.o
 .debug_ranges  0x00000b30       0x48 Drivers\STM32L0xx_HAL_Driver\Src\stm32l0xx_hal_uart_ex.o
 .debug_ranges  0x00000b78      0x108 Src\main.o
 .debug_ranges  0x00000c80      0x118 Src\stm32l0xx_hal_msp.o
 .debug_ranges  0x00000d98       0x70 Src\stm32l0xx_it.o
 .debug_ranges  0x00000e08       0x18 Src\system_stm32l0xx.o
 .debug_ranges  0x00000e20       0x20 startup\startup_stm32l072xx.o

.debug_line     0x00000000     0x8441
 .debug_line    0x00000000      0x4a8 Drivers\STM32L0xx_HAL_Driver\Src\stm32l0xx_hal.o
 .debug_line    0x000004a8      0xa5a Drivers\STM32L0xx_HAL_Driver\Src\stm32l0xx_hal_adc.o
 .debug_line    0x00000f02      0x4d0 Drivers\STM32L0xx_HAL_Driver\Src\stm32l0xx_hal_cortex.o
 .debug_line    0x000013d2      0x576 Drivers\STM32L0xx_HAL_Driver\Src\stm32l0xx_hal_dma.o
 .debug_line    0x00001948      0x553 Drivers\STM32L0xx_HAL_Driver\Src\stm32l0xx_hal_gpio.o
 .debug_line    0x00001e9b     0x1b3a Drivers\STM32L0xx_HAL_Driver\Src\stm32l0xx_hal_i2c.o
 .debug_line    0x000039d5      0x410 Drivers\STM32L0xx_HAL_Driver\Src\stm32l0xx_hal_i2c_ex.o
 .debug_line    0x00003de5      0x74a Drivers\STM32L0xx_HAL_Driver\Src\stm32l0xx_hal_rcc.o
 .debug_line    0x0000452f      0x625 Drivers\STM32L0xx_HAL_Driver\Src\stm32l0xx_hal_rcc_ex.o
 .debug_line    0x00004b54      0x95f Drivers\STM32L0xx_HAL_Driver\Src\stm32l0xx_hal_rtc.o
 .debug_line    0x000054b3      0xb0b Drivers\STM32L0xx_HAL_Driver\Src\stm32l0xx_hal_rtc_ex.o
 .debug_line    0x00005fbe      0xff5 Drivers\STM32L0xx_HAL_Driver\Src\stm32l0xx_hal_uart.o
 .debug_line    0x00006fb3      0x40c Drivers\STM32L0xx_HAL_Driver\Src\stm32l0xx_hal_uart_ex.o
 .debug_line    0x000073bf      0x604 Src\main.o
 .debug_line    0x000079c3      0x483 Src\stm32l0xx_hal_msp.o
 .debug_line    0x00007e46      0x349 Src\stm32l0xx_it.o
 .debug_line    0x0000818f      0x22f Src\system_stm32l0xx.o
 .debug_line    0x000083be       0x83 startup\startup_stm32l072xx.o

.debug_str      0x00000000     0x43df
 .debug_str     0x00000000      0x7d2 Drivers\STM32L0xx_HAL_Driver\Src\stm32l0xx_hal.o
                                0x824 (size before relaxing)
 .debug_str     0x000007d2      0x6f2 Drivers\STM32L0xx_HAL_Driver\Src\stm32l0xx_hal_adc.o
                                0x9ce (size before relaxing)
 .debug_str     0x00000ec4      0x2cb Drivers\STM32L0xx_HAL_Driver\Src\stm32l0xx_hal_cortex.o
                                0x7ab (size before relaxing)
 .debug_str     0x0000118f      0x248 Drivers\STM32L0xx_HAL_Driver\Src\stm32l0xx_hal_dma.o
                                0x6ab (size before relaxing)
 .debug_str     0x000013d7      0x199 Drivers\STM32L0xx_HAL_Driver\Src\stm32l0xx_hal_gpio.o
                                0x4c5 (size before relaxing)
 .debug_str     0x00001570      0xad0 Drivers\STM32L0xx_HAL_Driver\Src\stm32l0xx_hal_i2c.o
                                0xf93 (size before relaxing)
 .debug_str     0x00002040       0xf3 Drivers\STM32L0xx_HAL_Driver\Src\stm32l0xx_hal_i2c_ex.o
                                0x89d (size before relaxing)
 .debug_str     0x00002133      0x323 Drivers\STM32L0xx_HAL_Driver\Src\stm32l0xx_hal_rcc.o
                                0x72d (size before relaxing)
 .debug_str     0x00002456      0x428 Drivers\STM32L0xx_HAL_Driver\Src\stm32l0xx_hal_rcc_ex.o
                                0x80a (size before relaxing)
 .debug_str     0x0000287e      0x43f Drivers\STM32L0xx_HAL_Driver\Src\stm32l0xx_hal_rtc.o
                                0x726 (size before relaxing)
 .debug_str     0x00002cbd      0x561 Drivers\STM32L0xx_HAL_Driver\Src\stm32l0xx_hal_rtc_ex.o
                                0xa82 (size before relaxing)
 .debug_str     0x0000321e      0x8a4 Drivers\STM32L0xx_HAL_Driver\Src\stm32l0xx_hal_uart.o
                                0xe71 (size before relaxing)
 .debug_str     0x00003ac2      0x185 Drivers\STM32L0xx_HAL_Driver\Src\stm32l0xx_hal_uart_ex.o
                                0x83f (size before relaxing)
 .debug_str     0x00003c47      0x5ef Src\main.o
                               0x195e (size before relaxing)
 .debug_str     0x00004236       0x1b Src\stm32l0xx_hal_msp.o
                               0x1027 (size before relaxing)
 .debug_str     0x00004251      0x140 Src\stm32l0xx_it.o
                                0xb3e (size before relaxing)
 .debug_str     0x00004391       0x4e Src\system_stm32l0xx.o
                                0x309 (size before relaxing)

.comment        0x00000000       0x7c
 .comment       0x00000000       0x7c Drivers\STM32L0xx_HAL_Driver\Src\stm32l0xx_hal.o
                                 0x7d (size before relaxing)
 .comment       0x0000007c       0x7d Drivers\STM32L0xx_HAL_Driver\Src\stm32l0xx_hal_adc.o
 .comment       0x0000007c       0x7d Drivers\STM32L0xx_HAL_Driver\Src\stm32l0xx_hal_cortex.o
 .comment       0x0000007c       0x7d Drivers\STM32L0xx_HAL_Driver\Src\stm32l0xx_hal_dma.o
 .comment       0x0000007c       0x7d Drivers\STM32L0xx_HAL_Driver\Src\stm32l0xx_hal_gpio.o
 .comment       0x0000007c       0x7d Drivers\STM32L0xx_HAL_Driver\Src\stm32l0xx_hal_i2c.o
 .comment       0x0000007c       0x7d Drivers\STM32L0xx_HAL_Driver\Src\stm32l0xx_hal_i2c_ex.o
 .comment       0x0000007c       0x7d Drivers\STM32L0xx_HAL_Driver\Src\stm32l0xx_hal_rcc.o
 .comment       0x0000007c       0x7d Drivers\STM32L0xx_HAL_Driver\Src\stm32l0xx_hal_rcc_ex.o
 .comment       0x0000007c       0x7d Drivers\STM32L0xx_HAL_Driver\Src\stm32l0xx_hal_rtc.o
 .comment       0x0000007c       0x7d Drivers\STM32L0xx_HAL_Driver\Src\stm32l0xx_hal_rtc_ex.o
 .comment       0x0000007c       0x7d Drivers\STM32L0xx_HAL_Driver\Src\stm32l0xx_hal_uart.o
 .comment       0x0000007c       0x7d Drivers\STM32L0xx_HAL_Driver\Src\stm32l0xx_hal_uart_ex.o
 .comment       0x0000007c       0x7d Src\main.o
 .comment       0x0000007c       0x7d Src\stm32l0xx_hal_msp.o
 .comment       0x0000007c       0x7d Src\stm32l0xx_it.o
 .comment       0x0000007c       0x7d Src\system_stm32l0xx.o

.debug_frame    0x00000000     0x24fc
 .debug_frame   0x00000000      0x210 Drivers\STM32L0xx_HAL_Driver\Src\stm32l0xx_hal.o
 .debug_frame   0x00000210      0x2f8 Drivers\STM32L0xx_HAL_Driver\Src\stm32l0xx_hal_adc.o
 .debug_frame   0x00000508      0x138 Drivers\STM32L0xx_HAL_Driver\Src\stm32l0xx_hal_cortex.o
 .debug_frame   0x00000640      0x164 Drivers\STM32L0xx_HAL_Driver\Src\stm32l0xx_hal_dma.o
 .debug_frame   0x000007a4       0xf0 Drivers\STM32L0xx_HAL_Driver\Src\stm32l0xx_hal_gpio.o
 .debug_frame   0x00000894      0x864 Drivers\STM32L0xx_HAL_Driver\Src\stm32l0xx_hal_i2c.o
 .debug_frame   0x000010f8       0xb8 Drivers\STM32L0xx_HAL_Driver\Src\stm32l0xx_hal_i2c_ex.o
 .debug_frame   0x000011b0      0x150 Drivers\STM32L0xx_HAL_Driver\Src\stm32l0xx_hal_rcc.o
 .debug_frame   0x00001300      0x19c Drivers\STM32L0xx_HAL_Driver\Src\stm32l0xx_hal_rcc_ex.o
 .debug_frame   0x0000149c      0x240 Drivers\STM32L0xx_HAL_Driver\Src\stm32l0xx_hal_rtc.o
 .debug_frame   0x000016dc      0x3d0 Drivers\STM32L0xx_HAL_Driver\Src\stm32l0xx_hal_rtc_ex.o
 .debug_frame   0x00001aac      0x578 Drivers\STM32L0xx_HAL_Driver\Src\stm32l0xx_hal_uart.o
 .debug_frame   0x00002024       0xc0 Drivers\STM32L0xx_HAL_Driver\Src\stm32l0xx_hal_uart_ex.o
 .debug_frame   0x000020e4       0xb8 Src\main.o
 .debug_frame   0x0000219c       0xf4 Src\stm32l0xx_hal_msp.o
 .debug_frame   0x00002290      0x168 Src\stm32l0xx_it.o
 .debug_frame   0x000023f8       0x3c Src\system_stm32l0xx.o
 .debug_frame   0x00002434       0x2c c:/program files (x86)/atollic/truestudio for stm32 9.3.0/armtools/bin/../lib/gcc/arm-atollic-eabi/6.3.1/../../../../arm-atollic-eabi/lib/armv6-m\libc_nano.a(lib_a-init.o)
 .debug_frame   0x00002460       0x20 c:/program files (x86)/atollic/truestudio for stm32 9.3.0/armtools/bin/../lib/gcc/arm-atollic-eabi/6.3.1/../../../../arm-atollic-eabi/lib/armv6-m\libc_nano.a(lib_a-memset.o)
 .debug_frame   0x00002480       0x20 c:/program files (x86)/atollic/truestudio for stm32 9.3.0/armtools/bin/../lib/gcc/arm-atollic-eabi/6.3.1/../../../../arm-atollic-eabi/lib/armv6-m\libc_nano.a(lib_a-strcpy.o)
 .debug_frame   0x000024a0       0x20 c:/program files (x86)/atollic/truestudio for stm32 9.3.0/armtools/bin/../lib/gcc/arm-atollic-eabi/6.3.1/armv6-m\libgcc.a(_udivsi3.o)
 .debug_frame   0x000024c0       0x3c c:/program files (x86)/atollic/truestudio for stm32 9.3.0/armtools/bin/../lib/gcc/arm-atollic-eabi/6.3.1/armv6-m\libgcc.a(_udivmoddi4.o)
