stm32l0xx_it.c:79:6:NMI_Handler	0	static
stm32l0xx_it.c:92:6:HardFault_Handler	0	static
stm32l0xx_it.c:107:6:SVC_Handler	0	static
stm32l0xx_it.c:120:6:PendSV_Handler	0	static
stm32l0xx_it.c:133:6:SysTick_Handler	8	static
stm32l0xx_it.c:154:6:RTC_IRQHandler	8	static
stm32l0xx_it.c:168:6:RCC_CRS_IRQHandler	0	static
stm32l0xx_it.c:181:6:EXTI0_1_IRQHandler	8	static
stm32l0xx_it.c:196:6:EXTI4_15_IRQHandler	8	static
stm32l0xx_it.c:211:6:DMA1_Channel1_IRQHandler	8	static
stm32l0xx_it.c:225:6:DMA1_Channel2_3_IRQHandler	8	static
stm32l0xx_it.c:240:6:ADC1_COMP_IRQHandler	8	static
stm32l0xx_it.c:254:6:USART4_5_IRQHandler	8	static
stm32l0xx_it.c:269:6:USART1_IRQHandler	8	static
stm32l0xx_it.c:283:6:USART2_IRQHandler	8	static
stm32l0xx_it.c:297:6:RNG_LPUART1_IRQHandler	8	static
